
> desn@0.0.0 test
> vitest --run


[1m[46m RUN [49m[22m [36mv4.0.8 [39m[90m/Users/jordi/git/desn[39m

